[0.033s] Invoking command in '/ros2_ws/build/robot_core': CMAKE_PREFIX_PATH=/opt/ros/humble /usr/bin/cmake --build /ros2_ws/build/robot_core -- -j12 -l12
[0.097s] Invoked command in '/ros2_ws/build/robot_core' returned '0': CMAKE_PREFIX_PATH=/opt/ros/humble /usr/bin/cmake --build /ros2_ws/build/robot_core -- -j12 -l12
[0.135s] Invoking command in '/ros2_ws/build/robot_core': CMAKE_PREFIX_PATH=/opt/ros/humble /usr/bin/cmake --install /ros2_ws/build/robot_core
[0.163s] -- Install configuration: ""
[0.164s] -- Up-to-date: /ros2_ws/install/robot_core/share/ament_index/resource_index/package_run_dependencies/robot_core
[0.164s] -- Up-to-date: /ros2_ws/install/robot_core/share/ament_index/resource_index/parent_prefix_path/robot_core
[0.165s] -- Up-to-date: /ros2_ws/install/robot_core/share/robot_core/environment/ament_prefix_path.sh
[0.166s] -- Up-to-date: /ros2_ws/install/robot_core/share/robot_core/environment/ament_prefix_path.dsv
[0.166s] -- Up-to-date: /ros2_ws/install/robot_core/share/robot_core/environment/path.sh
[0.167s] -- Up-to-date: /ros2_ws/install/robot_core/share/robot_core/environment/path.dsv
[0.167s] -- Up-to-date: /ros2_ws/install/robot_core/share/robot_core/local_setup.bash
[0.167s] -- Up-to-date: /ros2_ws/install/robot_core/share/robot_core/local_setup.sh
[0.168s] -- Up-to-date: /ros2_ws/install/robot_core/share/robot_core/local_setup.zsh
[0.168s] -- Up-to-date: /ros2_ws/install/robot_core/share/robot_core/local_setup.dsv
[0.169s] -- Installing: /ros2_ws/install/robot_core/share/robot_core/package.dsv
[0.169s] -- Up-to-date: /ros2_ws/install/robot_core/share/ament_index/resource_index/packages/robot_core
[0.170s] -- Up-to-date: /ros2_ws/install/robot_core/share/robot_core/cmake/robot_coreConfig.cmake
[0.171s] -- Up-to-date: /ros2_ws/install/robot_core/share/robot_core/cmake/robot_coreConfig-version.cmake
[0.172s] -- Up-to-date: /ros2_ws/install/robot_core/share/robot_core/package.xml
[0.176s] Invoked command in '/ros2_ws/build/robot_core' returned '0': CMAKE_PREFIX_PATH=/opt/ros/humble /usr/bin/cmake --install /ros2_ws/build/robot_core
