[0.000000] (-) TimerEvent: {}
[0.000754] (robot_core) JobQueued: {'identifier': 'robot_core', 'dependencies': OrderedDict()}
[0.000800] (robot_description) JobQueued: {'identifier': 'robot_description', 'dependencies': OrderedDict()}
[0.000826] (robot_core) JobStarted: {'identifier': 'robot_core'}
[0.007416] (robot_description) JobStarted: {'identifier': 'robot_description'}
[0.011960] (robot_core) JobProgress: {'identifier': 'robot_core', 'progress': 'cmake'}
[0.012328] (robot_core) JobProgress: {'identifier': 'robot_core', 'progress': 'build'}
[0.012999] (robot_core) Command: {'cmd': ['/usr/bin/cmake', '--build', '/ros2_ws/build/robot_core', '--', '-j12', '-l12'], 'cwd': '/ros2_ws/build/robot_core', 'env': OrderedDict([('SHLVL', '0'), ('LD_LIBRARY_PATH', '/opt/ros/humble/opt/rviz_ogre_vendor/lib:/opt/ros/humble/lib/x86_64-linux-gnu:/opt/ros/humble/lib'), ('HOME', '/root'), ('OLDPWD', '/ros2_ws'), ('ROS_PYTHON_VERSION', '3'), ('container', 'podman'), ('ROS_DISTRO', 'humble'), ('_', '/usr/bin/colcon'), ('ROS_VERSION', '2'), ('TERM', 'xterm'), ('ROS_LOCALHOST_ONLY', '0'), ('PATH', '/opt/ros/humble/bin:/usr/local/sbin:/usr/local/bin:/usr/sbin:/usr/bin:/sbin:/bin'), ('DISPLAY', ':1'), ('LANG', 'C.UTF-8'), ('AMENT_PREFIX_PATH', '/opt/ros/humble'), ('ROS_WS', '/ros2_ws'), ('PWD', '/ros2_ws/build/robot_core'), ('LC_ALL', 'C.UTF-8'), ('PYTHONPATH', '/opt/ros/humble/lib/python3.10/site-packages:/opt/ros/humble/local/lib/python3.10/dist-packages'), ('COLCON', '1'), ('CMAKE_PREFIX_PATH', '/opt/ros/humble')]), 'shell': False}
[0.019748] (robot_description) JobProgress: {'identifier': 'robot_description', 'progress': 'cmake'}
[0.021956] (robot_description) JobProgress: {'identifier': 'robot_description', 'progress': 'build'}
[0.024499] (robot_description) Command: {'cmd': ['/usr/bin/cmake', '--build', '/ros2_ws/build/robot_description', '--', '-j12', '-l12'], 'cwd': '/ros2_ws/build/robot_description', 'env': OrderedDict([('SHLVL', '0'), ('LD_LIBRARY_PATH', '/opt/ros/humble/opt/rviz_ogre_vendor/lib:/opt/ros/humble/lib/x86_64-linux-gnu:/opt/ros/humble/lib'), ('HOME', '/root'), ('OLDPWD', '/ros2_ws'), ('ROS_PYTHON_VERSION', '3'), ('container', 'podman'), ('ROS_DISTRO', 'humble'), ('_', '/usr/bin/colcon'), ('ROS_VERSION', '2'), ('TERM', 'xterm'), ('ROS_LOCALHOST_ONLY', '0'), ('PATH', '/opt/ros/humble/bin:/usr/local/sbin:/usr/local/bin:/usr/sbin:/usr/bin:/sbin:/bin'), ('DISPLAY', ':1'), ('LANG', 'C.UTF-8'), ('AMENT_PREFIX_PATH', '/opt/ros/humble'), ('ROS_WS', '/ros2_ws'), ('PWD', '/ros2_ws/build/robot_description'), ('LC_ALL', 'C.UTF-8'), ('PYTHONPATH', '/opt/ros/humble/lib/python3.10/site-packages:/opt/ros/humble/local/lib/python3.10/dist-packages'), ('COLCON', '1'), ('CMAKE_PREFIX_PATH', '/opt/ros/humble')]), 'shell': False}
[0.097117] (robot_core) CommandEnded: {'returncode': 0}
[0.098543] (robot_core) JobProgress: {'identifier': 'robot_core', 'progress': 'install'}
[0.099537] (-) TimerEvent: {}
[0.116395] (robot_core) Command: {'cmd': ['/usr/bin/cmake', '--install', '/ros2_ws/build/robot_core'], 'cwd': '/ros2_ws/build/robot_core', 'env': OrderedDict([('SHLVL', '0'), ('LD_LIBRARY_PATH', '/opt/ros/humble/opt/rviz_ogre_vendor/lib:/opt/ros/humble/lib/x86_64-linux-gnu:/opt/ros/humble/lib'), ('HOME', '/root'), ('OLDPWD', '/ros2_ws'), ('ROS_PYTHON_VERSION', '3'), ('container', 'podman'), ('ROS_DISTRO', 'humble'), ('_', '/usr/bin/colcon'), ('ROS_VERSION', '2'), ('TERM', 'xterm'), ('ROS_LOCALHOST_ONLY', '0'), ('PATH', '/opt/ros/humble/bin:/usr/local/sbin:/usr/local/bin:/usr/sbin:/usr/bin:/sbin:/bin'), ('DISPLAY', ':1'), ('LANG', 'C.UTF-8'), ('AMENT_PREFIX_PATH', '/opt/ros/humble'), ('ROS_WS', '/ros2_ws'), ('PWD', '/ros2_ws/build/robot_core'), ('LC_ALL', 'C.UTF-8'), ('PYTHONPATH', '/opt/ros/humble/lib/python3.10/site-packages:/opt/ros/humble/local/lib/python3.10/dist-packages'), ('COLCON', '1'), ('CMAKE_PREFIX_PATH', '/opt/ros/humble')]), 'shell': False}
[0.119469] (robot_description) CommandEnded: {'returncode': 0}
[0.120858] (robot_description) JobProgress: {'identifier': 'robot_description', 'progress': 'install'}
[0.124184] (robot_description) Command: {'cmd': ['/usr/bin/cmake', '--install', '/ros2_ws/build/robot_description'], 'cwd': '/ros2_ws/build/robot_description', 'env': OrderedDict([('SHLVL', '0'), ('LD_LIBRARY_PATH', '/opt/ros/humble/opt/rviz_ogre_vendor/lib:/opt/ros/humble/lib/x86_64-linux-gnu:/opt/ros/humble/lib'), ('HOME', '/root'), ('OLDPWD', '/ros2_ws'), ('ROS_PYTHON_VERSION', '3'), ('container', 'podman'), ('ROS_DISTRO', 'humble'), ('_', '/usr/bin/colcon'), ('ROS_VERSION', '2'), ('TERM', 'xterm'), ('ROS_LOCALHOST_ONLY', '0'), ('PATH', '/opt/ros/humble/bin:/usr/local/sbin:/usr/local/bin:/usr/sbin:/usr/bin:/sbin:/bin'), ('DISPLAY', ':1'), ('LANG', 'C.UTF-8'), ('AMENT_PREFIX_PATH', '/opt/ros/humble'), ('ROS_WS', '/ros2_ws'), ('PWD', '/ros2_ws/build/robot_description'), ('LC_ALL', 'C.UTF-8'), ('PYTHONPATH', '/opt/ros/humble/lib/python3.10/site-packages:/opt/ros/humble/local/lib/python3.10/dist-packages'), ('COLCON', '1'), ('CMAKE_PREFIX_PATH', '/opt/ros/humble')]), 'shell': False}
[0.136480] (robot_core) StdoutLine: {'line': b'-- Install configuration: ""\n'}
[0.136961] (robot_core) StdoutLine: {'line': b'-- Up-to-date: /ros2_ws/install/robot_core/share/ament_index/resource_index/package_run_dependencies/robot_core\n'}
[0.140333] (robot_core) StdoutLine: {'line': b'-- Up-to-date: /ros2_ws/install/robot_core/share/ament_index/resource_index/parent_prefix_path/robot_core\n'}
[0.142653] (robot_core) StdoutLine: {'line': b'-- Up-to-date: /ros2_ws/install/robot_core/share/robot_core/environment/ament_prefix_path.sh\n'}
[0.142852] (robot_core) StdoutLine: {'line': b'-- Up-to-date: /ros2_ws/install/robot_core/share/robot_core/environment/ament_prefix_path.dsv\n'}
[0.143018] (robot_core) StdoutLine: {'line': b'-- Up-to-date: /ros2_ws/install/robot_core/share/robot_core/environment/path.sh\n'}
[0.143380] (robot_core) StdoutLine: {'line': b'-- Up-to-date: /ros2_ws/install/robot_core/share/robot_core/environment/path.dsv\n'}
[0.144771] (robot_core) StdoutLine: {'line': b'-- Up-to-date: /ros2_ws/install/robot_core/share/robot_core/local_setup.bash\n'}
[0.148876] (robot_core) StdoutLine: {'line': b'-- Up-to-date: /ros2_ws/install/robot_core/share/robot_core/local_setup.sh\n'}
[0.149280] (robot_core) StdoutLine: {'line': b'-- Up-to-date: /ros2_ws/install/robot_core/share/robot_core/local_setup.zsh\n'}
[0.149908] (robot_core) StdoutLine: {'line': b'-- Up-to-date: /ros2_ws/install/robot_core/share/robot_core/local_setup.dsv\n'}
[0.150561] (robot_core) StdoutLine: {'line': b'-- Installing: /ros2_ws/install/robot_core/share/robot_core/package.dsv\n'}
[0.150759] (robot_core) StdoutLine: {'line': b'-- Up-to-date: /ros2_ws/install/robot_core/share/ament_index/resource_index/packages/robot_core\n'}
[0.150955] (robot_core) StdoutLine: {'line': b'-- Up-to-date: /ros2_ws/install/robot_core/share/robot_core/cmake/robot_coreConfig.cmake\n'}
[0.151665] (robot_core) StdoutLine: {'line': b'-- Up-to-date: /ros2_ws/install/robot_core/share/robot_core/cmake/robot_coreConfig-version.cmake\n'}
[0.152069] (robot_core) StdoutLine: {'line': b'-- Up-to-date: /ros2_ws/install/robot_core/share/robot_core/package.xml\n'}
[0.152346] (robot_description) StdoutLine: {'line': b'-- Install configuration: ""\n'}
[0.153066] (robot_description) StdoutLine: {'line': b'-- Up-to-date: /ros2_ws/install/robot_description/share/robot_description/urdf\n'}
[0.153705] (robot_description) StdoutLine: {'line': b'-- Installing: /ros2_ws/install/robot_description/share/robot_description/urdf/mock_arm.urdf.xacro\n'}
[0.154387] (robot_description) StdoutLine: {'line': b'-- Up-to-date: /ros2_ws/install/robot_description/share/robot_description/launch\n'}
[0.155004] (robot_description) StdoutLine: {'line': b'-- Up-to-date: /ros2_ws/install/robot_description/share/robot_description/launch/display.launch.py\n'}
[0.155436] (robot_description) StdoutLine: {'line': b'-- Up-to-date: /ros2_ws/install/robot_description/share/robot_description/rviz\n'}
[0.155627] (robot_description) StdoutLine: {'line': b'-- Up-to-date: /ros2_ws/install/robot_description/share/robot_description/rviz/display.rviz\n'}
[0.155785] (robot_description) StdoutLine: {'line': b'-- Up-to-date: /ros2_ws/install/robot_description/share/ament_index/resource_index/package_run_dependencies/robot_description\n'}
[0.156055] (robot_description) StdoutLine: {'line': b'-- Up-to-date: /ros2_ws/install/robot_description/share/ament_index/resource_index/parent_prefix_path/robot_description\n'}
[0.156311] (robot_description) StdoutLine: {'line': b'-- Up-to-date: /ros2_ws/install/robot_description/share/robot_description/environment/ament_prefix_path.sh\n'}
[0.156470] (robot_description) StdoutLine: {'line': b'-- Up-to-date: /ros2_ws/install/robot_description/share/robot_description/environment/ament_prefix_path.dsv\n'}
[0.156621] (robot_description) StdoutLine: {'line': b'-- Up-to-date: /ros2_ws/install/robot_description/share/robot_description/environment/path.sh\n'}
[0.156772] (robot_description) StdoutLine: {'line': b'-- Up-to-date: /ros2_ws/install/robot_description/share/robot_description/environment/path.dsv\n'}
[0.156920] (robot_description) StdoutLine: {'line': b'-- Up-to-date: /ros2_ws/install/robot_description/share/robot_description/local_setup.bash\n'}
[0.157068] (robot_description) StdoutLine: {'line': b'-- Up-to-date: /ros2_ws/install/robot_description/share/robot_description/local_setup.sh\n'}
[0.157281] (robot_description) StdoutLine: {'line': b'-- Up-to-date: /ros2_ws/install/robot_description/share/robot_description/local_setup.zsh\n'}
[0.157618] (robot_description) StdoutLine: {'line': b'-- Up-to-date: /ros2_ws/install/robot_description/share/robot_description/local_setup.dsv\n'}
[0.157793] (robot_description) StdoutLine: {'line': b'-- Installing: /ros2_ws/install/robot_description/share/robot_description/package.dsv\n'}
[0.158141] (robot_description) StdoutLine: {'line': b'-- Up-to-date: /ros2_ws/install/robot_description/share/ament_index/resource_index/packages/robot_description\n'}
[0.158861] (robot_description) StdoutLine: {'line': b'-- Up-to-date: /ros2_ws/install/robot_description/share/robot_description/cmake/robot_descriptionConfig.cmake\n'}
[0.159638] (robot_description) StdoutLine: {'line': b'-- Up-to-date: /ros2_ws/install/robot_description/share/robot_description/cmake/robot_descriptionConfig-version.cmake\n'}
[0.160011] (robot_core) CommandEnded: {'returncode': 0}
[0.162506] (robot_description) StdoutLine: {'line': b'-- Up-to-date: /ros2_ws/install/robot_description/share/robot_description/package.xml\n'}
[0.198630] (robot_core) JobEnded: {'identifier': 'robot_core', 'rc': 0}
[0.201679] (-) TimerEvent: {}
[0.202985] (robot_description) CommandEnded: {'returncode': 0}
[0.244266] (robot_description) JobEnded: {'identifier': 'robot_description', 'rc': 0}
[0.246815] (-) EventReactorShutdown: {}
