[0.000000] (-) TimerEvent: {}
[0.000165] (robot_core) JobQueued: {'identifier': 'robot_core', 'dependencies': OrderedDict()}
[0.000280] (robot_description) JobQueued: {'identifier': 'robot_description', 'dependencies': OrderedDict()}
[0.000322] (robot_core) JobStarted: {'identifier': 'robot_core'}
[0.010416] (robot_description) JobStarted: {'identifier': 'robot_description'}
[0.016472] (robot_core) JobProgress: {'identifier': 'robot_core', 'progress': 'cmake'}
[0.017417] (robot_core) JobProgress: {'identifier': 'robot_core', 'progress': 'build'}
[0.018425] (robot_core) Command: {'cmd': ['/usr/bin/cmake', '--build', '/ros2_ws/build/robot_core', '--', '-j12', '-l12'], 'cwd': '/ros2_ws/build/robot_core', 'env': OrderedDict([('SHLVL', '0'), ('LD_LIBRARY_PATH', '/opt/ros/humble/opt/rviz_ogre_vendor/lib:/opt/ros/humble/lib/x86_64-linux-gnu:/opt/ros/humble/lib'), ('HOME', '/root'), ('OLDPWD', '/ros2_ws'), ('ROS_PYTHON_VERSION', '3'), ('container', 'podman'), ('ROS_DISTRO', 'humble'), ('_', '/usr/bin/colcon'), ('ROS_VERSION', '2'), ('TERM', 'xterm'), ('ROS_LOCALHOST_ONLY', '0'), ('PATH', '/opt/ros/humble/bin:/usr/local/sbin:/usr/local/bin:/usr/sbin:/usr/bin:/sbin:/bin'), ('DISPLAY', ':1'), ('LANG', 'C.UTF-8'), ('AMENT_PREFIX_PATH', '/opt/ros/humble'), ('ROS_WS', '/ros2_ws'), ('PWD', '/ros2_ws/build/robot_core'), ('LC_ALL', 'C.UTF-8'), ('PYTHONPATH', '/opt/ros/humble/lib/python3.10/site-packages:/opt/ros/humble/local/lib/python3.10/dist-packages'), ('COLCON', '1'), ('CMAKE_PREFIX_PATH', '/opt/ros/humble')]), 'shell': False}
[0.023328] (robot_description) JobProgress: {'identifier': 'robot_description', 'progress': 'cmake'}
[0.024869] (robot_description) Command: {'cmd': ['/usr/bin/cmake', '/ros2_ws/src/robot_description', '-DCMAKE_INSTALL_PREFIX=/ros2_ws/install/robot_description'], 'cwd': '/ros2_ws/build/robot_description', 'env': OrderedDict([('SHLVL', '0'), ('LD_LIBRARY_PATH', '/opt/ros/humble/opt/rviz_ogre_vendor/lib:/opt/ros/humble/lib/x86_64-linux-gnu:/opt/ros/humble/lib'), ('HOME', '/root'), ('OLDPWD', '/ros2_ws'), ('ROS_PYTHON_VERSION', '3'), ('container', 'podman'), ('ROS_DISTRO', 'humble'), ('_', '/usr/bin/colcon'), ('ROS_VERSION', '2'), ('TERM', 'xterm'), ('ROS_LOCALHOST_ONLY', '0'), ('PATH', '/opt/ros/humble/bin:/usr/local/sbin:/usr/local/bin:/usr/sbin:/usr/bin:/sbin:/bin'), ('DISPLAY', ':1'), ('LANG', 'C.UTF-8'), ('AMENT_PREFIX_PATH', '/opt/ros/humble'), ('ROS_WS', '/ros2_ws'), ('PWD', '/ros2_ws/build/robot_description'), ('LC_ALL', 'C.UTF-8'), ('PYTHONPATH', '/opt/ros/humble/lib/python3.10/site-packages:/opt/ros/humble/local/lib/python3.10/dist-packages'), ('COLCON', '1'), ('CMAKE_PREFIX_PATH', '/opt/ros/humble')]), 'shell': False}
[0.043109] (robot_description) StdoutLine: {'line': b'-- Found ament_cmake: 1.3.12 (/opt/ros/humble/share/ament_cmake/cmake)\n'}
[0.076731] (robot_core) CommandEnded: {'returncode': 0}
[0.077554] (robot_core) JobProgress: {'identifier': 'robot_core', 'progress': 'install'}
[0.090999] (robot_core) Command: {'cmd': ['/usr/bin/cmake', '--install', '/ros2_ws/build/robot_core'], 'cwd': '/ros2_ws/build/robot_core', 'env': OrderedDict([('SHLVL', '0'), ('LD_LIBRARY_PATH', '/opt/ros/humble/opt/rviz_ogre_vendor/lib:/opt/ros/humble/lib/x86_64-linux-gnu:/opt/ros/humble/lib'), ('HOME', '/root'), ('OLDPWD', '/ros2_ws'), ('ROS_PYTHON_VERSION', '3'), ('container', 'podman'), ('ROS_DISTRO', 'humble'), ('_', '/usr/bin/colcon'), ('ROS_VERSION', '2'), ('TERM', 'xterm'), ('ROS_LOCALHOST_ONLY', '0'), ('PATH', '/opt/ros/humble/bin:/usr/local/sbin:/usr/local/bin:/usr/sbin:/usr/bin:/sbin:/bin'), ('DISPLAY', ':1'), ('LANG', 'C.UTF-8'), ('AMENT_PREFIX_PATH', '/opt/ros/humble'), ('ROS_WS', '/ros2_ws'), ('PWD', '/ros2_ws/build/robot_core'), ('LC_ALL', 'C.UTF-8'), ('PYTHONPATH', '/opt/ros/humble/lib/python3.10/site-packages:/opt/ros/humble/local/lib/python3.10/dist-packages'), ('COLCON', '1'), ('CMAKE_PREFIX_PATH', '/opt/ros/humble')]), 'shell': False}
[0.098836] (-) TimerEvent: {}
[0.102074] (robot_core) StdoutLine: {'line': b'-- Install configuration: ""\n'}
[0.102504] (robot_core) StdoutLine: {'line': b'-- Installing: /ros2_ws/install/robot_core/share/ament_index/resource_index/package_run_dependencies/robot_core\n'}
[0.102838] (robot_core) StdoutLine: {'line': b'-- Installing: /ros2_ws/install/robot_core/share/ament_index/resource_index/parent_prefix_path/robot_core\n'}
[0.103217] (robot_core) StdoutLine: {'line': b'-- Installing: /ros2_ws/install/robot_core/share/robot_core/environment/ament_prefix_path.sh\n'}
[0.103541] (robot_core) StdoutLine: {'line': b'-- Installing: /ros2_ws/install/robot_core/share/robot_core/environment/ament_prefix_path.dsv\n'}
[0.103875] (robot_core) StdoutLine: {'line': b'-- Installing: /ros2_ws/install/robot_core/share/robot_core/environment/path.sh\n'}
[0.104118] (robot_core) StdoutLine: {'line': b'-- Installing: /ros2_ws/install/robot_core/share/robot_core/environment/path.dsv\n'}
[0.104396] (robot_core) StdoutLine: {'line': b'-- Installing: /ros2_ws/install/robot_core/share/robot_core/local_setup.bash\n'}
[0.104754] (robot_core) StdoutLine: {'line': b'-- Installing: /ros2_ws/install/robot_core/share/robot_core/local_setup.sh\n'}
[0.105080] (robot_core) StdoutLine: {'line': b'-- Installing: /ros2_ws/install/robot_core/share/robot_core/local_setup.zsh\n'}
[0.105378] (robot_core) StdoutLine: {'line': b'-- Installing: /ros2_ws/install/robot_core/share/robot_core/local_setup.dsv\n'}
[0.105647] (robot_core) StdoutLine: {'line': b'-- Installing: /ros2_ws/install/robot_core/share/robot_core/package.dsv\n'}
[0.105957] (robot_core) StdoutLine: {'line': b'-- Installing: /ros2_ws/install/robot_core/share/ament_index/resource_index/packages/robot_core\n'}
[0.106280] (robot_core) StdoutLine: {'line': b'-- Installing: /ros2_ws/install/robot_core/share/robot_core/cmake/robot_coreConfig.cmake\n'}
[0.106656] (robot_core) StdoutLine: {'line': b'-- Installing: /ros2_ws/install/robot_core/share/robot_core/cmake/robot_coreConfig-version.cmake\n'}
[0.106863] (robot_core) StdoutLine: {'line': b'-- Installing: /ros2_ws/install/robot_core/share/robot_core/package.xml\n'}
[0.109371] (robot_core) CommandEnded: {'returncode': 0}
[0.142773] (robot_core) JobEnded: {'identifier': 'robot_core', 'rc': 0}
[0.198982] (-) TimerEvent: {}
[0.257721] (robot_description) StdoutLine: {'line': b'-- Found xacro: 2.1.1 (/opt/ros/humble/share/xacro/cmake)\n'}
[0.268339] (robot_description) StdoutLine: {'line': b'-- Found ament_lint_auto: 0.12.14 (/opt/ros/humble/share/ament_lint_auto/cmake)\n'}
[0.299134] (-) TimerEvent: {}
[0.399583] (-) TimerEvent: {}
[0.403118] (robot_description) StdoutLine: {'line': b"-- Added test 'flake8' to check Python code syntax and style conventions\n"}
[0.404447] (robot_description) StdoutLine: {'line': b"-- Added test 'lint_cmake' to check CMake code style\n"}
[0.405788] (robot_description) StdoutLine: {'line': b"-- Added test 'pep257' to check Python code against some of the docstring style conventions in PEP 257\n"}
[0.408246] (robot_description) StdoutLine: {'line': b"-- Added test 'xmllint' to check XML markup files\n"}
[0.411022] (robot_description) StdoutLine: {'line': b'-- Configuring done\n'}
[0.417885] (robot_description) StdoutLine: {'line': b'-- Generating done\n'}
[0.422074] (robot_description) StdoutLine: {'line': b'-- Build files have been written to: /ros2_ws/build/robot_description\n'}
[0.427730] (robot_description) CommandEnded: {'returncode': 0}
[0.428403] (robot_description) JobProgress: {'identifier': 'robot_description', 'progress': 'build'}
[0.429025] (robot_description) Command: {'cmd': ['/usr/bin/cmake', '--build', '/ros2_ws/build/robot_description', '--', '-j12', '-l12'], 'cwd': '/ros2_ws/build/robot_description', 'env': OrderedDict([('SHLVL', '0'), ('LD_LIBRARY_PATH', '/opt/ros/humble/opt/rviz_ogre_vendor/lib:/opt/ros/humble/lib/x86_64-linux-gnu:/opt/ros/humble/lib'), ('HOME', '/root'), ('OLDPWD', '/ros2_ws'), ('ROS_PYTHON_VERSION', '3'), ('container', 'podman'), ('ROS_DISTRO', 'humble'), ('_', '/usr/bin/colcon'), ('ROS_VERSION', '2'), ('TERM', 'xterm'), ('ROS_LOCALHOST_ONLY', '0'), ('PATH', '/opt/ros/humble/bin:/usr/local/sbin:/usr/local/bin:/usr/sbin:/usr/bin:/sbin:/bin'), ('DISPLAY', ':1'), ('LANG', 'C.UTF-8'), ('AMENT_PREFIX_PATH', '/opt/ros/humble'), ('ROS_WS', '/ros2_ws'), ('PWD', '/ros2_ws/build/robot_description'), ('LC_ALL', 'C.UTF-8'), ('PYTHONPATH', '/opt/ros/humble/lib/python3.10/site-packages:/opt/ros/humble/local/lib/python3.10/dist-packages'), ('COLCON', '1'), ('CMAKE_PREFIX_PATH', '/opt/ros/humble')]), 'shell': False}
[0.487009] (robot_description) CommandEnded: {'returncode': 0}
[0.488210] (robot_description) JobProgress: {'identifier': 'robot_description', 'progress': 'install'}
[0.488954] (robot_description) Command: {'cmd': ['/usr/bin/cmake', '--install', '/ros2_ws/build/robot_description'], 'cwd': '/ros2_ws/build/robot_description', 'env': OrderedDict([('SHLVL', '0'), ('LD_LIBRARY_PATH', '/opt/ros/humble/opt/rviz_ogre_vendor/lib:/opt/ros/humble/lib/x86_64-linux-gnu:/opt/ros/humble/lib'), ('HOME', '/root'), ('OLDPWD', '/ros2_ws'), ('ROS_PYTHON_VERSION', '3'), ('container', 'podman'), ('ROS_DISTRO', 'humble'), ('_', '/usr/bin/colcon'), ('ROS_VERSION', '2'), ('TERM', 'xterm'), ('ROS_LOCALHOST_ONLY', '0'), ('PATH', '/opt/ros/humble/bin:/usr/local/sbin:/usr/local/bin:/usr/sbin:/usr/bin:/sbin:/bin'), ('DISPLAY', ':1'), ('LANG', 'C.UTF-8'), ('AMENT_PREFIX_PATH', '/opt/ros/humble'), ('ROS_WS', '/ros2_ws'), ('PWD', '/ros2_ws/build/robot_description'), ('LC_ALL', 'C.UTF-8'), ('PYTHONPATH', '/opt/ros/humble/lib/python3.10/site-packages:/opt/ros/humble/local/lib/python3.10/dist-packages'), ('COLCON', '1'), ('CMAKE_PREFIX_PATH', '/opt/ros/humble')]), 'shell': False}
[0.499744] (-) TimerEvent: {}
[0.509618] (robot_description) StdoutLine: {'line': b'-- Install configuration: ""\n'}
[0.510557] (robot_description) StdoutLine: {'line': b'-- Installing: /ros2_ws/install/robot_description/share/robot_description/urdf\n'}
[0.511330] (robot_description) StdoutLine: {'line': b'-- Installing: /ros2_ws/install/robot_description/share/robot_description/urdf/mock_arm.urdf.xacro\n'}
[0.511954] (robot_description) StdoutLine: {'line': b'-- Installing: /ros2_ws/install/robot_description/share/robot_description/launch\n'}
[0.512679] (robot_description) StdoutLine: {'line': b'-- Installing: /ros2_ws/install/robot_description/share/robot_description/launch/display.launch.py\n'}
[0.513228] (robot_description) StdoutLine: {'line': b'-- Installing: /ros2_ws/install/robot_description/share/ament_index/resource_index/package_run_dependencies/robot_description\n'}
[0.513921] (robot_description) StdoutLine: {'line': b'-- Installing: /ros2_ws/install/robot_description/share/ament_index/resource_index/parent_prefix_path/robot_description\n'}
[0.514432] (robot_description) StdoutLine: {'line': b'-- Installing: /ros2_ws/install/robot_description/share/robot_description/environment/ament_prefix_path.sh\n'}
[0.514929] (robot_description) StdoutLine: {'line': b'-- Installing: /ros2_ws/install/robot_description/share/robot_description/environment/ament_prefix_path.dsv\n'}
[0.515433] (robot_description) StdoutLine: {'line': b'-- Installing: /ros2_ws/install/robot_description/share/robot_description/environment/path.sh\n'}
[0.515930] (robot_description) StdoutLine: {'line': b'-- Installing: /ros2_ws/install/robot_description/share/robot_description/environment/path.dsv\n'}
[0.516463] (robot_description) StdoutLine: {'line': b'-- Installing: /ros2_ws/install/robot_description/share/robot_description/local_setup.bash\n'}
[0.516906] (robot_description) StdoutLine: {'line': b'-- Installing: /ros2_ws/install/robot_description/share/robot_description/local_setup.sh\n'}
[0.517422] (robot_description) StdoutLine: {'line': b'-- Installing: /ros2_ws/install/robot_description/share/robot_description/local_setup.zsh\n'}
[0.517976] (robot_description) StdoutLine: {'line': b'-- Installing: /ros2_ws/install/robot_description/share/robot_description/local_setup.dsv\n'}
[0.518544] (robot_description) StdoutLine: {'line': b'-- Installing: /ros2_ws/install/robot_description/share/robot_description/package.dsv\n'}
[0.519049] (robot_description) StdoutLine: {'line': b'-- Installing: /ros2_ws/install/robot_description/share/ament_index/resource_index/packages/robot_description\n'}
[0.519461] (robot_description) StdoutLine: {'line': b'-- Installing: /ros2_ws/install/robot_description/share/robot_description/cmake/robot_descriptionConfig.cmake\n'}
[0.519885] (robot_description) StdoutLine: {'line': b'-- Installing: /ros2_ws/install/robot_description/share/robot_description/cmake/robot_descriptionConfig-version.cmake\n'}
[0.520259] (robot_description) StdoutLine: {'line': b'-- Installing: /ros2_ws/install/robot_description/share/robot_description/package.xml\n'}
[0.523428] (robot_description) CommandEnded: {'returncode': 0}
[0.568567] (robot_description) JobEnded: {'identifier': 'robot_description', 'rc': 0}
[0.571738] (-) EventReactorShutdown: {}
