[0.025s] Invoking command in '/ros2_ws/build/robot_description': /usr/bin/cmake /ros2_ws/src/robot_description -DCMAKE_INSTALL_PREFIX=/ros2_ws/install/robot_description
[0.515s] -- The C compiler identification is GNU 11.4.0
[0.745s] -- The CXX compiler identification is GNU 11.4.0
[0.759s] -- Detecting C compiler ABI info
[0.878s] -- Detecting C compiler ABI info - done
[0.894s] -- Check for working C compiler: /usr/bin/cc - skipped
[0.894s] -- Detecting C compile features
[0.896s] -- Detecting C compile features - done
[0.910s] -- Detecting CXX compiler ABI info
[1.137s] -- Detecting CXX compiler ABI info - done
[1.187s] -- Check for working CXX compiler: /usr/bin/c++ - skipped
[1.188s] -- Detecting CXX compile features
[1.190s] -- Detecting CXX compile features - done
[1.211s] [31mCMake Error at CMakeLists.txt:9 (find_package):
[1.212s]   By not providing "Findament_cmake.cmake" in CMAKE_MODULE_PATH this project
[1.213s]   has asked CMake to find a package configuration file provided by
[1.214s]   "ament_cmake", but CMake did not find one.
[1.214s] 
[1.215s]   Could not find a package configuration file provided by "ament_cmake" with
[1.216s]   any of the following names:
[1.216s] 
[1.217s]     ament_cmakeConfig.cmake
[1.219s]     ament_cmake-config.cmake
[1.220s] 
[1.222s]   Add the installation prefix of "ament_cmake" to CMAKE_PREFIX_PATH or set
[1.224s]   "ament_cmake_DIR" to a directory containing one of the above files.  If
[1.226s]   "ament_cmake" provides a separate development package or SDK, be sure it
[1.226s]   has been installed.
[1.228s] 
[1.230s] [0m
[1.231s] -- Configuring incomplete, errors occurred!
[1.231s] See also "/ros2_ws/build/robot_description/CMakeFiles/CMakeOutput.log".
[1.233s] Invoked command in '/ros2_ws/build/robot_description' returned '1': /usr/bin/cmake /ros2_ws/src/robot_description -DCMAKE_INSTALL_PREFIX=/ros2_ws/install/robot_description
