[0.016s] Invoking command in '/ros2_ws/build/robot_core': /usr/bin/cmake /ros2_ws/src/robot_core -DCMAKE_INSTALL_PREFIX=/ros2_ws/install/robot_core
[0.526s] -- The C compiler identification is GNU 11.4.0
[0.753s] -- The CXX compiler identification is GNU 11.4.0
[0.770s] -- Detecting C compiler ABI info
[0.889s] -- Detecting C compiler ABI info - done
[0.904s] -- Check for working C compiler: /usr/bin/cc - skipped
[0.905s] -- Detecting C compile features
[0.906s] -- Detecting C compile features - done
[0.921s] -- Detecting CXX compiler ABI info
[1.147s] -- Detecting CXX compiler ABI info - done
[1.189s] -- Check for working CXX compiler: /usr/bin/c++ - skipped
[1.191s] -- Detecting CXX compile features
[1.193s] -- Detecting CXX compile features - done
[1.212s] [31mCMake Error at CMakeLists.txt:9 (find_package):
[1.212s]   By not providing "Findament_cmake.cmake" in CMAKE_MODULE_PATH this project
[1.212s]   has asked CMake to find a package configuration file provided by
[1.213s]   "ament_cmake", but CMake did not find one.
[1.213s] 
[1.213s]   Could not find a package configuration file provided by "ament_cmake" with
[1.214s]   any of the following names:
[1.214s] 
[1.214s]     ament_cmakeConfig.cmake
[1.214s]     ament_cmake-config.cmake
[1.215s] 
[1.215s]   Add the installation prefix of "ament_cmake" to CMAKE_PREFIX_PATH or set
[1.215s]   "ament_cmake_DIR" to a directory containing one of the above files.  If
[1.215s]   "ament_cmake" provides a separate development package or SDK, be sure it
[1.216s]   has been installed.
[1.216s] 
[1.216s] [0m
[1.217s] -- Configuring incomplete, errors occurred!
[1.217s] See also "/ros2_ws/build/robot_core/CMakeFiles/CMakeOutput.log".
[1.244s] Invoked command in '/ros2_ws/build/robot_core' returned '1': /usr/bin/cmake /ros2_ws/src/robot_core -DCMAKE_INSTALL_PREFIX=/ros2_ws/install/robot_core
