[0.000000] (-) TimerEvent: {}
[0.000452] (robot_core) JobQueued: {'identifier': 'robot_core', 'dependencies': OrderedDict()}
[0.000640] (robot_description) JobQueued: {'identifier': 'robot_description', 'dependencies': OrderedDict()}
[0.001697] (robot_core) JobStarted: {'identifier': 'robot_core'}
[0.016499] (robot_description) JobStarted: {'identifier': 'robot_description'}
[0.025061] (robot_core) JobProgress: {'identifier': 'robot_core', 'progress': 'cmake'}
[0.027869] (robot_core) JobProgress: {'identifier': 'robot_core', 'progress': 'build'}
[0.030891] (robot_core) Command: {'cmd': ['/usr/bin/cmake', '--build', '/ros2_ws/build/robot_core', '--', '-j12', '-l12'], 'cwd': '/ros2_ws/build/robot_core', 'env': OrderedDict([('SHLVL', '0'), ('LD_LIBRARY_PATH', '/opt/ros/humble/opt/rviz_ogre_vendor/lib:/opt/ros/humble/lib/x86_64-linux-gnu:/opt/ros/humble/lib'), ('HOME', '/root'), ('OLDPWD', '/ros2_ws'), ('ROS_PYTHON_VERSION', '3'), ('container', 'podman'), ('ROS_DISTRO', 'humble'), ('_', '/usr/bin/colcon'), ('ROS_VERSION', '2'), ('TERM', 'xterm'), ('ROS_LOCALHOST_ONLY', '0'), ('PATH', '/opt/ros/humble/bin:/usr/local/sbin:/usr/local/bin:/usr/sbin:/usr/bin:/sbin:/bin'), ('DISPLAY', ':1'), ('LANG', 'C.UTF-8'), ('AMENT_PREFIX_PATH', '/opt/ros/humble'), ('ROS_WS', '/ros2_ws'), ('PWD', '/ros2_ws/build/robot_core'), ('LC_ALL', 'C.UTF-8'), ('PYTHONPATH', '/opt/ros/humble/lib/python3.10/site-packages:/opt/ros/humble/local/lib/python3.10/dist-packages'), ('COLCON', '1'), ('CMAKE_PREFIX_PATH', '/opt/ros/humble')]), 'shell': False}
[0.044860] (robot_description) JobProgress: {'identifier': 'robot_description', 'progress': 'cmake'}
[0.046955] (robot_description) JobProgress: {'identifier': 'robot_description', 'progress': 'build'}
[0.049340] (robot_description) Command: {'cmd': ['/usr/bin/cmake', '--build', '/ros2_ws/build/robot_description', '--', '-j12', '-l12'], 'cwd': '/ros2_ws/build/robot_description', 'env': OrderedDict([('SHLVL', '0'), ('LD_LIBRARY_PATH', '/opt/ros/humble/opt/rviz_ogre_vendor/lib:/opt/ros/humble/lib/x86_64-linux-gnu:/opt/ros/humble/lib'), ('HOME', '/root'), ('OLDPWD', '/ros2_ws'), ('ROS_PYTHON_VERSION', '3'), ('container', 'podman'), ('ROS_DISTRO', 'humble'), ('_', '/usr/bin/colcon'), ('ROS_VERSION', '2'), ('TERM', 'xterm'), ('ROS_LOCALHOST_ONLY', '0'), ('PATH', '/opt/ros/humble/bin:/usr/local/sbin:/usr/local/bin:/usr/sbin:/usr/bin:/sbin:/bin'), ('DISPLAY', ':1'), ('LANG', 'C.UTF-8'), ('AMENT_PREFIX_PATH', '/opt/ros/humble'), ('ROS_WS', '/ros2_ws'), ('PWD', '/ros2_ws/build/robot_description'), ('LC_ALL', 'C.UTF-8'), ('PYTHONPATH', '/opt/ros/humble/lib/python3.10/site-packages:/opt/ros/humble/local/lib/python3.10/dist-packages'), ('COLCON', '1'), ('CMAKE_PREFIX_PATH', '/opt/ros/humble')]), 'shell': False}
[0.097176] (-) TimerEvent: {}
[0.131619] (robot_description) StdoutLine: {'line': b'-- Found ament_cmake: 1.3.12 (/opt/ros/humble/share/ament_cmake/cmake)\n'}
[0.147883] (robot_core) CommandEnded: {'returncode': 0}
[0.149210] (robot_core) JobProgress: {'identifier': 'robot_core', 'progress': 'install'}
[0.161978] (robot_core) Command: {'cmd': ['/usr/bin/cmake', '--install', '/ros2_ws/build/robot_core'], 'cwd': '/ros2_ws/build/robot_core', 'env': OrderedDict([('SHLVL', '0'), ('LD_LIBRARY_PATH', '/opt/ros/humble/opt/rviz_ogre_vendor/lib:/opt/ros/humble/lib/x86_64-linux-gnu:/opt/ros/humble/lib'), ('HOME', '/root'), ('OLDPWD', '/ros2_ws'), ('ROS_PYTHON_VERSION', '3'), ('container', 'podman'), ('ROS_DISTRO', 'humble'), ('_', '/usr/bin/colcon'), ('ROS_VERSION', '2'), ('TERM', 'xterm'), ('ROS_LOCALHOST_ONLY', '0'), ('PATH', '/opt/ros/humble/bin:/usr/local/sbin:/usr/local/bin:/usr/sbin:/usr/bin:/sbin:/bin'), ('DISPLAY', ':1'), ('LANG', 'C.UTF-8'), ('AMENT_PREFIX_PATH', '/opt/ros/humble'), ('ROS_WS', '/ros2_ws'), ('PWD', '/ros2_ws/build/robot_core'), ('LC_ALL', 'C.UTF-8'), ('PYTHONPATH', '/opt/ros/humble/lib/python3.10/site-packages:/opt/ros/humble/local/lib/python3.10/dist-packages'), ('COLCON', '1'), ('CMAKE_PREFIX_PATH', '/opt/ros/humble')]), 'shell': False}
[0.169855] (robot_core) StdoutLine: {'line': b'-- Install configuration: ""\n'}
[0.170287] (robot_core) StdoutLine: {'line': b'-- Up-to-date: /ros2_ws/install/robot_core/share/ament_index/resource_index/package_run_dependencies/robot_core\n'}
[0.170500] (robot_core) StdoutLine: {'line': b'-- Up-to-date: /ros2_ws/install/robot_core/share/ament_index/resource_index/parent_prefix_path/robot_core\n'}
[0.170733] (robot_core) StdoutLine: {'line': b'-- Up-to-date: /ros2_ws/install/robot_core/share/robot_core/environment/ament_prefix_path.sh\n'}
[0.170873] (robot_core) StdoutLine: {'line': b'-- Up-to-date: /ros2_ws/install/robot_core/share/robot_core/environment/ament_prefix_path.dsv\n'}
[0.171009] (robot_core) StdoutLine: {'line': b'-- Up-to-date: /ros2_ws/install/robot_core/share/robot_core/environment/path.sh\n'}
[0.171150] (robot_core) StdoutLine: {'line': b'-- Up-to-date: /ros2_ws/install/robot_core/share/robot_core/environment/path.dsv\n'}
[0.171317] (robot_core) StdoutLine: {'line': b'-- Up-to-date: /ros2_ws/install/robot_core/share/robot_core/local_setup.bash\n'}
[0.171481] (robot_core) StdoutLine: {'line': b'-- Up-to-date: /ros2_ws/install/robot_core/share/robot_core/local_setup.sh\n'}
[0.171575] (robot_core) StdoutLine: {'line': b'-- Up-to-date: /ros2_ws/install/robot_core/share/robot_core/local_setup.zsh\n'}
[0.171660] (robot_core) StdoutLine: {'line': b'-- Up-to-date: /ros2_ws/install/robot_core/share/robot_core/local_setup.dsv\n'}
[0.171744] (robot_core) StdoutLine: {'line': b'-- Installing: /ros2_ws/install/robot_core/share/robot_core/package.dsv\n'}
[0.171828] (robot_core) StdoutLine: {'line': b'-- Up-to-date: /ros2_ws/install/robot_core/share/ament_index/resource_index/packages/robot_core\n'}
[0.171911] (robot_core) StdoutLine: {'line': b'-- Up-to-date: /ros2_ws/install/robot_core/share/robot_core/cmake/robot_coreConfig.cmake\n'}
[0.172160] (robot_core) StdoutLine: {'line': b'-- Up-to-date: /ros2_ws/install/robot_core/share/robot_core/cmake/robot_coreConfig-version.cmake\n'}
[0.172526] (robot_core) StdoutLine: {'line': b'-- Up-to-date: /ros2_ws/install/robot_core/share/robot_core/package.xml\n'}
[0.175919] (robot_core) CommandEnded: {'returncode': 0}
[0.197736] (-) TimerEvent: {}
[0.256345] (robot_core) JobEnded: {'identifier': 'robot_core', 'rc': 0}
[0.297951] (-) TimerEvent: {}
[0.398645] (-) TimerEvent: {}
[0.478231] (robot_description) StdoutLine: {'line': b'-- Found xacro: 2.1.1 (/opt/ros/humble/share/xacro/cmake)\n'}
[0.479232] (robot_description) StdoutLine: {'line': b'-- Found ament_lint_auto: 0.12.14 (/opt/ros/humble/share/ament_lint_auto/cmake)\n'}
[0.498803] (-) TimerEvent: {}
[0.599502] (-) TimerEvent: {}
[0.676007] (robot_description) StdoutLine: {'line': b"-- Added test 'flake8' to check Python code syntax and style conventions\n"}
[0.677285] (robot_description) StdoutLine: {'line': b"-- Added test 'lint_cmake' to check CMake code style\n"}
[0.678142] (robot_description) StdoutLine: {'line': b"-- Added test 'pep257' to check Python code against some of the docstring style conventions in PEP 257\n"}
[0.680884] (robot_description) StdoutLine: {'line': b"-- Added test 'xmllint' to check XML markup files\n"}
[0.683311] (robot_description) StdoutLine: {'line': b'-- Configuring done\n'}
[0.690960] (robot_description) StdoutLine: {'line': b'-- Generating done\n'}
[0.698053] (robot_description) StdoutLine: {'line': b'-- Build files have been written to: /ros2_ws/build/robot_description\n'}
[0.699667] (-) TimerEvent: {}
[0.765476] (robot_description) CommandEnded: {'returncode': 0}
[0.768060] (robot_description) JobProgress: {'identifier': 'robot_description', 'progress': 'install'}
[0.769046] (robot_description) Command: {'cmd': ['/usr/bin/cmake', '--install', '/ros2_ws/build/robot_description'], 'cwd': '/ros2_ws/build/robot_description', 'env': OrderedDict([('SHLVL', '0'), ('LD_LIBRARY_PATH', '/opt/ros/humble/opt/rviz_ogre_vendor/lib:/opt/ros/humble/lib/x86_64-linux-gnu:/opt/ros/humble/lib'), ('HOME', '/root'), ('OLDPWD', '/ros2_ws'), ('ROS_PYTHON_VERSION', '3'), ('container', 'podman'), ('ROS_DISTRO', 'humble'), ('_', '/usr/bin/colcon'), ('ROS_VERSION', '2'), ('TERM', 'xterm'), ('ROS_LOCALHOST_ONLY', '0'), ('PATH', '/opt/ros/humble/bin:/usr/local/sbin:/usr/local/bin:/usr/sbin:/usr/bin:/sbin:/bin'), ('DISPLAY', ':1'), ('LANG', 'C.UTF-8'), ('AMENT_PREFIX_PATH', '/opt/ros/humble'), ('ROS_WS', '/ros2_ws'), ('PWD', '/ros2_ws/build/robot_description'), ('LC_ALL', 'C.UTF-8'), ('PYTHONPATH', '/opt/ros/humble/lib/python3.10/site-packages:/opt/ros/humble/local/lib/python3.10/dist-packages'), ('COLCON', '1'), ('CMAKE_PREFIX_PATH', '/opt/ros/humble')]), 'shell': False}
[0.788808] (robot_description) StdoutLine: {'line': b'-- Install configuration: ""\n'}
[0.789281] (robot_description) StdoutLine: {'line': b'-- Up-to-date: /ros2_ws/install/robot_description/share/robot_description/urdf\n'}
[0.789596] (robot_description) StdoutLine: {'line': b'-- Up-to-date: /ros2_ws/install/robot_description/share/robot_description/urdf/mock_arm.urdf.xacro\n'}
[0.789947] (robot_description) StdoutLine: {'line': b'-- Up-to-date: /ros2_ws/install/robot_description/share/robot_description/launch\n'}
[0.790439] (robot_description) StdoutLine: {'line': b'-- Installing: /ros2_ws/install/robot_description/share/robot_description/launch/display.launch.py\n'}
[0.790866] (robot_description) StdoutLine: {'line': b'-- Installing: /ros2_ws/install/robot_description/share/robot_description/rviz\n'}
[0.791136] (robot_description) StdoutLine: {'line': b'-- Installing: /ros2_ws/install/robot_description/share/robot_description/rviz/display.rviz\n'}
[0.791479] (robot_description) StdoutLine: {'line': b'-- Up-to-date: /ros2_ws/install/robot_description/share/ament_index/resource_index/package_run_dependencies/robot_description\n'}
[0.792738] (robot_description) StdoutLine: {'line': b'-- Up-to-date: /ros2_ws/install/robot_description/share/ament_index/resource_index/parent_prefix_path/robot_description\n'}
[0.792949] (robot_description) StdoutLine: {'line': b'-- Up-to-date: /ros2_ws/install/robot_description/share/robot_description/environment/ament_prefix_path.sh\n'}
[0.793402] (robot_description) StdoutLine: {'line': b'-- Installing: /ros2_ws/install/robot_description/share/robot_description/environment/ament_prefix_path.dsv\n'}
[0.793685] (robot_description) StdoutLine: {'line': b'-- Up-to-date: /ros2_ws/install/robot_description/share/robot_description/environment/path.sh\n'}
[0.793976] (robot_description) StdoutLine: {'line': b'-- Installing: /ros2_ws/install/robot_description/share/robot_description/environment/path.dsv\n'}
[0.794490] (robot_description) StdoutLine: {'line': b'-- Up-to-date: /ros2_ws/install/robot_description/share/robot_description/local_setup.bash\n'}
[0.795037] (robot_description) StdoutLine: {'line': b'-- Up-to-date: /ros2_ws/install/robot_description/share/robot_description/local_setup.sh\n'}
[0.795470] (robot_description) StdoutLine: {'line': b'-- Up-to-date: /ros2_ws/install/robot_description/share/robot_description/local_setup.zsh\n'}
[0.795822] (robot_description) StdoutLine: {'line': b'-- Installing: /ros2_ws/install/robot_description/share/robot_description/local_setup.dsv\n'}
[0.796127] (robot_description) StdoutLine: {'line': b'-- Installing: /ros2_ws/install/robot_description/share/robot_description/package.dsv\n'}
[0.796469] (robot_description) StdoutLine: {'line': b'-- Up-to-date: /ros2_ws/install/robot_description/share/ament_index/resource_index/packages/robot_description\n'}
[0.796820] (robot_description) StdoutLine: {'line': b'-- Up-to-date: /ros2_ws/install/robot_description/share/robot_description/cmake/robot_descriptionConfig.cmake\n'}
[0.798316] (robot_description) StdoutLine: {'line': b'-- Up-to-date: /ros2_ws/install/robot_description/share/robot_description/cmake/robot_descriptionConfig-version.cmake\n'}
[0.802755] (-) TimerEvent: {}
[0.803458] (robot_description) StdoutLine: {'line': b'-- Up-to-date: /ros2_ws/install/robot_description/share/robot_description/package.xml\n'}
[0.804208] (robot_description) CommandEnded: {'returncode': 0}
[0.853529] (robot_description) JobEnded: {'identifier': 'robot_description', 'rc': 0}
[0.857391] (-) EventReactorShutdown: {}
