[0.000000] (-) TimerEvent: {}
[0.000270] (robot_core) JobQueued: {'identifier': 'robot_core', 'dependencies': OrderedDict()}
[0.000627] (robot_description) JobQueued: {'identifier': 'robot_description', 'dependencies': OrderedDict()}
[0.000731] (robot_core) JobStarted: {'identifier': 'robot_core'}
[0.014967] (robot_description) JobStarted: {'identifier': 'robot_description'}
[0.024639] (robot_core) JobProgress: {'identifier': 'robot_core', 'progress': 'cmake'}
[0.026997] (robot_core) JobProgress: {'identifier': 'robot_core', 'progress': 'build'}
[0.027247] (robot_core) Command: {'cmd': ['/usr/bin/cmake', '--build', '/ros2_ws/build/robot_core', '--', '-j12', '-l12'], 'cwd': '/ros2_ws/build/robot_core', 'env': OrderedDict([('SHLVL', '0'), ('LD_LIBRARY_PATH', '/opt/ros/humble/opt/rviz_ogre_vendor/lib:/opt/ros/humble/lib/x86_64-linux-gnu:/opt/ros/humble/lib'), ('HOME', '/root'), ('OLDPWD', '/ros2_ws'), ('ROS_PYTHON_VERSION', '3'), ('container', 'podman'), ('ROS_DISTRO', 'humble'), ('_', '/usr/bin/colcon'), ('ROS_VERSION', '2'), ('TERM', 'xterm'), ('ROS_LOCALHOST_ONLY', '0'), ('PATH', '/opt/ros/humble/bin:/usr/local/sbin:/usr/local/bin:/usr/sbin:/usr/bin:/sbin:/bin'), ('DISPLAY', ':1'), ('LANG', 'C.UTF-8'), ('AMENT_PREFIX_PATH', '/opt/ros/humble'), ('ROS_WS', '/ros2_ws'), ('PWD', '/ros2_ws/build/robot_core'), ('LC_ALL', 'C.UTF-8'), ('PYTHONPATH', '/opt/ros/humble/lib/python3.10/site-packages:/opt/ros/humble/local/lib/python3.10/dist-packages'), ('COLCON', '1'), ('CMAKE_PREFIX_PATH', '/opt/ros/humble')]), 'shell': False}
[0.034285] (robot_description) JobProgress: {'identifier': 'robot_description', 'progress': 'cmake'}
[0.034792] (robot_description) JobProgress: {'identifier': 'robot_description', 'progress': 'build'}
[0.035514] (robot_description) Command: {'cmd': ['/usr/bin/cmake', '--build', '/ros2_ws/build/robot_description', '--', '-j12', '-l12'], 'cwd': '/ros2_ws/build/robot_description', 'env': OrderedDict([('SHLVL', '0'), ('LD_LIBRARY_PATH', '/opt/ros/humble/opt/rviz_ogre_vendor/lib:/opt/ros/humble/lib/x86_64-linux-gnu:/opt/ros/humble/lib'), ('HOME', '/root'), ('OLDPWD', '/ros2_ws'), ('ROS_PYTHON_VERSION', '3'), ('container', 'podman'), ('ROS_DISTRO', 'humble'), ('_', '/usr/bin/colcon'), ('ROS_VERSION', '2'), ('TERM', 'xterm'), ('ROS_LOCALHOST_ONLY', '0'), ('PATH', '/opt/ros/humble/bin:/usr/local/sbin:/usr/local/bin:/usr/sbin:/usr/bin:/sbin:/bin'), ('DISPLAY', ':1'), ('LANG', 'C.UTF-8'), ('AMENT_PREFIX_PATH', '/opt/ros/humble'), ('ROS_WS', '/ros2_ws'), ('PWD', '/ros2_ws/build/robot_description'), ('LC_ALL', 'C.UTF-8'), ('PYTHONPATH', '/opt/ros/humble/lib/python3.10/site-packages:/opt/ros/humble/local/lib/python3.10/dist-packages'), ('COLCON', '1'), ('CMAKE_PREFIX_PATH', '/opt/ros/humble')]), 'shell': False}
[0.097275] (robot_core) CommandEnded: {'returncode': 0}
[0.098856] (-) TimerEvent: {}
[0.100706] (robot_core) JobProgress: {'identifier': 'robot_core', 'progress': 'install'}
[0.134827] (robot_core) Command: {'cmd': ['/usr/bin/cmake', '--install', '/ros2_ws/build/robot_core'], 'cwd': '/ros2_ws/build/robot_core', 'env': OrderedDict([('SHLVL', '0'), ('LD_LIBRARY_PATH', '/opt/ros/humble/opt/rviz_ogre_vendor/lib:/opt/ros/humble/lib/x86_64-linux-gnu:/opt/ros/humble/lib'), ('HOME', '/root'), ('OLDPWD', '/ros2_ws'), ('ROS_PYTHON_VERSION', '3'), ('container', 'podman'), ('ROS_DISTRO', 'humble'), ('_', '/usr/bin/colcon'), ('ROS_VERSION', '2'), ('TERM', 'xterm'), ('ROS_LOCALHOST_ONLY', '0'), ('PATH', '/opt/ros/humble/bin:/usr/local/sbin:/usr/local/bin:/usr/sbin:/usr/bin:/sbin:/bin'), ('DISPLAY', ':1'), ('LANG', 'C.UTF-8'), ('AMENT_PREFIX_PATH', '/opt/ros/humble'), ('ROS_WS', '/ros2_ws'), ('PWD', '/ros2_ws/build/robot_core'), ('LC_ALL', 'C.UTF-8'), ('PYTHONPATH', '/opt/ros/humble/lib/python3.10/site-packages:/opt/ros/humble/local/lib/python3.10/dist-packages'), ('COLCON', '1'), ('CMAKE_PREFIX_PATH', '/opt/ros/humble')]), 'shell': False}
[0.140166] (robot_description) CommandEnded: {'returncode': 0}
[0.146031] (robot_description) JobProgress: {'identifier': 'robot_description', 'progress': 'install'}
[0.147415] (robot_description) Command: {'cmd': ['/usr/bin/cmake', '--install', '/ros2_ws/build/robot_description'], 'cwd': '/ros2_ws/build/robot_description', 'env': OrderedDict([('SHLVL', '0'), ('LD_LIBRARY_PATH', '/opt/ros/humble/opt/rviz_ogre_vendor/lib:/opt/ros/humble/lib/x86_64-linux-gnu:/opt/ros/humble/lib'), ('HOME', '/root'), ('OLDPWD', '/ros2_ws'), ('ROS_PYTHON_VERSION', '3'), ('container', 'podman'), ('ROS_DISTRO', 'humble'), ('_', '/usr/bin/colcon'), ('ROS_VERSION', '2'), ('TERM', 'xterm'), ('ROS_LOCALHOST_ONLY', '0'), ('PATH', '/opt/ros/humble/bin:/usr/local/sbin:/usr/local/bin:/usr/sbin:/usr/bin:/sbin:/bin'), ('DISPLAY', ':1'), ('LANG', 'C.UTF-8'), ('AMENT_PREFIX_PATH', '/opt/ros/humble'), ('ROS_WS', '/ros2_ws'), ('PWD', '/ros2_ws/build/robot_description'), ('LC_ALL', 'C.UTF-8'), ('PYTHONPATH', '/opt/ros/humble/lib/python3.10/site-packages:/opt/ros/humble/local/lib/python3.10/dist-packages'), ('COLCON', '1'), ('CMAKE_PREFIX_PATH', '/opt/ros/humble')]), 'shell': False}
[0.162530] (robot_core) StdoutLine: {'line': b'-- Install configuration: ""\n'}
[0.163752] (robot_core) StdoutLine: {'line': b'-- Up-to-date: /ros2_ws/install/robot_core/share/ament_index/resource_index/package_run_dependencies/robot_core\n'}
[0.164609] (robot_core) StdoutLine: {'line': b'-- Up-to-date: /ros2_ws/install/robot_core/share/ament_index/resource_index/parent_prefix_path/robot_core\n'}
[0.165278] (robot_core) StdoutLine: {'line': b'-- Up-to-date: /ros2_ws/install/robot_core/share/robot_core/environment/ament_prefix_path.sh\n'}
[0.166060] (robot_core) StdoutLine: {'line': b'-- Up-to-date: /ros2_ws/install/robot_core/share/robot_core/environment/ament_prefix_path.dsv\n'}
[0.166573] (robot_core) StdoutLine: {'line': b'-- Up-to-date: /ros2_ws/install/robot_core/share/robot_core/environment/path.sh\n'}
[0.167084] (robot_core) StdoutLine: {'line': b'-- Up-to-date: /ros2_ws/install/robot_core/share/robot_core/environment/path.dsv\n'}
[0.167526] (robot_core) StdoutLine: {'line': b'-- Up-to-date: /ros2_ws/install/robot_core/share/robot_core/local_setup.bash\n'}
[0.167983] (robot_core) StdoutLine: {'line': b'-- Up-to-date: /ros2_ws/install/robot_core/share/robot_core/local_setup.sh\n'}
[0.168398] (robot_core) StdoutLine: {'line': b'-- Up-to-date: /ros2_ws/install/robot_core/share/robot_core/local_setup.zsh\n'}
[0.168830] (robot_core) StdoutLine: {'line': b'-- Up-to-date: /ros2_ws/install/robot_core/share/robot_core/local_setup.dsv\n'}
[0.169252] (robot_core) StdoutLine: {'line': b'-- Installing: /ros2_ws/install/robot_core/share/robot_core/package.dsv\n'}
[0.169645] (robot_core) StdoutLine: {'line': b'-- Up-to-date: /ros2_ws/install/robot_core/share/ament_index/resource_index/packages/robot_core\n'}
[0.170275] (robot_core) StdoutLine: {'line': b'-- Up-to-date: /ros2_ws/install/robot_core/share/robot_core/cmake/robot_coreConfig.cmake\n'}
[0.171295] (robot_core) StdoutLine: {'line': b'-- Up-to-date: /ros2_ws/install/robot_core/share/robot_core/cmake/robot_coreConfig-version.cmake\n'}
[0.172066] (robot_core) StdoutLine: {'line': b'-- Up-to-date: /ros2_ws/install/robot_core/share/robot_core/package.xml\n'}
[0.175872] (robot_core) CommandEnded: {'returncode': 0}
[0.178666] (robot_description) StdoutLine: {'line': b'-- Install configuration: ""\n'}
[0.181855] (robot_description) StdoutLine: {'line': b'-- Up-to-date: /ros2_ws/install/robot_description/share/robot_description/urdf\n'}
[0.184143] (robot_description) StdoutLine: {'line': b'-- Up-to-date: /ros2_ws/install/robot_description/share/robot_description/urdf/mock_arm.urdf.xacro\n'}
[0.185866] (robot_description) StdoutLine: {'line': b'-- Up-to-date: /ros2_ws/install/robot_description/share/robot_description/launch\n'}
[0.187631] (robot_description) StdoutLine: {'line': b'-- Installing: /ros2_ws/install/robot_description/share/robot_description/launch/display.launch.py\n'}
[0.188960] (robot_description) StdoutLine: {'line': b'-- Up-to-date: /ros2_ws/install/robot_description/share/robot_description/rviz\n'}
[0.189958] (robot_description) StdoutLine: {'line': b'-- Up-to-date: /ros2_ws/install/robot_description/share/robot_description/rviz/display.rviz\n'}
[0.190557] (robot_description) StdoutLine: {'line': b'-- Up-to-date: /ros2_ws/install/robot_description/share/ament_index/resource_index/package_run_dependencies/robot_description\n'}
[0.191712] (robot_description) StdoutLine: {'line': b'-- Up-to-date: /ros2_ws/install/robot_description/share/ament_index/resource_index/parent_prefix_path/robot_description\n'}
[0.192854] (robot_description) StdoutLine: {'line': b'-- Up-to-date: /ros2_ws/install/robot_description/share/robot_description/environment/ament_prefix_path.sh\n'}
[0.193901] (robot_description) StdoutLine: {'line': b'-- Up-to-date: /ros2_ws/install/robot_description/share/robot_description/environment/ament_prefix_path.dsv\n'}
[0.196137] (robot_description) StdoutLine: {'line': b'-- Up-to-date: /ros2_ws/install/robot_description/share/robot_description/environment/path.sh\n'}
[0.196918] (robot_description) StdoutLine: {'line': b'-- Up-to-date: /ros2_ws/install/robot_description/share/robot_description/environment/path.dsv\n'}
[0.197963] (robot_description) StdoutLine: {'line': b'-- Up-to-date: /ros2_ws/install/robot_description/share/robot_description/local_setup.bash\n'}
[0.199119] (-) TimerEvent: {}
[0.199706] (robot_description) StdoutLine: {'line': b'-- Up-to-date: /ros2_ws/install/robot_description/share/robot_description/local_setup.sh\n'}
[0.200837] (robot_description) StdoutLine: {'line': b'-- Up-to-date: /ros2_ws/install/robot_description/share/robot_description/local_setup.zsh\n'}
[0.201833] (robot_description) StdoutLine: {'line': b'-- Up-to-date: /ros2_ws/install/robot_description/share/robot_description/local_setup.dsv\n'}
[0.204459] (robot_description) StdoutLine: {'line': b'-- Up-to-date: /ros2_ws/install/robot_description/share/robot_description/package.dsv\n'}
[0.207051] (robot_description) StdoutLine: {'line': b'-- Up-to-date: /ros2_ws/install/robot_description/share/ament_index/resource_index/packages/robot_description\n'}
[0.207579] (robot_description) StdoutLine: {'line': b'-- Up-to-date: /ros2_ws/install/robot_description/share/robot_description/cmake/robot_descriptionConfig.cmake\n'}
[0.208152] (robot_description) StdoutLine: {'line': b'-- Up-to-date: /ros2_ws/install/robot_description/share/robot_description/cmake/robot_descriptionConfig-version.cmake\n'}
[0.209121] (robot_description) StdoutLine: {'line': b'-- Up-to-date: /ros2_ws/install/robot_description/share/robot_description/package.xml\n'}
[0.280019] (robot_core) JobEnded: {'identifier': 'robot_core', 'rc': 0}
[0.287489] (robot_description) CommandEnded: {'returncode': 0}
[0.299545] (-) TimerEvent: {}
[0.339987] (robot_description) JobEnded: {'identifier': 'robot_description', 'rc': 0}
[0.341576] (-) EventReactorShutdown: {}
