[0.017s] Invoking command in '/ros2_ws/build/robot_description': CMAKE_PREFIX_PATH=/opt/ros/humble /usr/bin/cmake /ros2_ws/src/robot_description -DCMAKE_INSTALL_PREFIX=/ros2_ws/install/robot_description
[0.035s] -- Found ament_cmake: 1.3.12 (/opt/ros/humble/share/ament_cmake/cmake)
[0.313s] -- Found Python3: /usr/bin/python3 (found version "3.10.12") found components: Interpreter 
[0.506s] [31mCMake Error at CMakeLists.txt:10 (find_package):
[0.506s]   By not providing "Findjoint_state_publisher.cmake" in CMAKE_MODULE_PATH
[0.506s]   this project has asked CMake to find a package configuration file provided
[0.507s]   by "joint_state_publisher", but CMake did not find one.
[0.507s] 
[0.508s]   Could not find a package configuration file provided by
[0.509s]   "joint_state_publisher" with any of the following names:
[0.509s] 
[0.510s]     joint_state_publisherConfig.cmake
[0.510s]     joint_state_publisher-config.cmake
[0.510s] 
[0.511s]   Add the installation prefix of "joint_state_publisher" to CMAKE_PREFIX_PATH
[0.511s]   or set "joint_state_publisher_DIR" to a directory containing one of the
[0.511s]   above files.  If "joint_state_publisher" provides a separate development
[0.512s]   package or SDK, be sure it has been installed.
[0.512s] 
[0.512s] [0m
[0.513s] -- Configuring incomplete, errors occurred!
[0.513s] See also "/ros2_ws/build/robot_description/CMakeFiles/CMakeOutput.log".
[0.522s] Invoked command in '/ros2_ws/build/robot_description' returned '1': CMAKE_PREFIX_PATH=/opt/ros/humble /usr/bin/cmake /ros2_ws/src/robot_description -DCMAKE_INSTALL_PREFIX=/ros2_ws/install/robot_description
