[0.000000] (-) TimerEvent: {}
[0.000188] (robot_core) JobQueued: {'identifier': 'robot_core', 'dependencies': OrderedDict()}
[0.000249] (robot_description) JobQueued: {'identifier': 'robot_description', 'dependencies': OrderedDict()}
[0.000289] (robot_core) JobStarted: {'identifier': 'robot_core'}
[0.010377] (robot_description) JobStarted: {'identifier': 'robot_description'}
[0.015596] (robot_core) JobProgress: {'identifier': 'robot_core', 'progress': 'cmake'}
[0.016729] (robot_core) Command: {'cmd': ['/usr/bin/cmake', '/ros2_ws/src/robot_core', '-DCMAKE_INSTALL_PREFIX=/ros2_ws/install/robot_core'], 'cwd': '/ros2_ws/build/robot_core', 'env': OrderedDict([('SHLVL', '0'), ('LD_LIBRARY_PATH', '/opt/ros/humble/opt/rviz_ogre_vendor/lib:/opt/ros/humble/lib/x86_64-linux-gnu:/opt/ros/humble/lib'), ('HOME', '/root'), ('OLDPWD', '/ros2_ws'), ('ROS_PYTHON_VERSION', '3'), ('container', 'podman'), ('ROS_DISTRO', 'humble'), ('_', '/usr/bin/colcon'), ('ROS_VERSION', '2'), ('TERM', 'xterm'), ('ROS_LOCALHOST_ONLY', '0'), ('PATH', '/opt/ros/humble/bin:/usr/local/sbin:/usr/local/bin:/usr/sbin:/usr/bin:/sbin:/bin'), ('DISPLAY', ':1'), ('LANG', 'C.UTF-8'), ('AMENT_PREFIX_PATH', '/opt/ros/humble'), ('ROS_WS', '/ros2_ws'), ('PWD', '/ros2_ws/build/robot_core'), ('LC_ALL', 'C.UTF-8'), ('PYTHONPATH', '/opt/ros/humble/lib/python3.10/site-packages:/opt/ros/humble/local/lib/python3.10/dist-packages'), ('COLCON', '1'), ('CMAKE_PREFIX_PATH', '/opt/ros/humble')]), 'shell': False}
[0.022683] (robot_description) JobProgress: {'identifier': 'robot_description', 'progress': 'cmake'}
[0.025012] (robot_description) Command: {'cmd': ['/usr/bin/cmake', '/ros2_ws/src/robot_description', '-DCMAKE_INSTALL_PREFIX=/ros2_ws/install/robot_description'], 'cwd': '/ros2_ws/build/robot_description', 'env': OrderedDict([('SHLVL', '0'), ('LD_LIBRARY_PATH', '/opt/ros/humble/opt/rviz_ogre_vendor/lib:/opt/ros/humble/lib/x86_64-linux-gnu:/opt/ros/humble/lib'), ('HOME', '/root'), ('OLDPWD', '/ros2_ws'), ('ROS_PYTHON_VERSION', '3'), ('container', 'podman'), ('ROS_DISTRO', 'humble'), ('_', '/usr/bin/colcon'), ('ROS_VERSION', '2'), ('TERM', 'xterm'), ('ROS_LOCALHOST_ONLY', '0'), ('PATH', '/opt/ros/humble/bin:/usr/local/sbin:/usr/local/bin:/usr/sbin:/usr/bin:/sbin:/bin'), ('DISPLAY', ':1'), ('LANG', 'C.UTF-8'), ('AMENT_PREFIX_PATH', '/opt/ros/humble'), ('ROS_WS', '/ros2_ws'), ('PWD', '/ros2_ws/build/robot_description'), ('LC_ALL', 'C.UTF-8'), ('PYTHONPATH', '/opt/ros/humble/lib/python3.10/site-packages:/opt/ros/humble/local/lib/python3.10/dist-packages'), ('COLCON', '1'), ('CMAKE_PREFIX_PATH', '/opt/ros/humble')]), 'shell': False}
[0.041181] (robot_core) StdoutLine: {'line': b'-- Found ament_cmake: 1.3.12 (/opt/ros/humble/share/ament_cmake/cmake)\n'}
[0.044780] (robot_description) StdoutLine: {'line': b'-- Found ament_cmake: 1.3.12 (/opt/ros/humble/share/ament_cmake/cmake)\n'}
[0.098656] (-) TimerEvent: {}
[0.199028] (-) TimerEvent: {}
[0.299426] (-) TimerEvent: {}
[0.322360] (robot_core) StdoutLine: {'line': b'-- Found Python3: /usr/bin/python3 (found version "3.10.12") found components: Interpreter \n'}
[0.322800] (robot_description) StdoutLine: {'line': b'-- Found Python3: /usr/bin/python3 (found version "3.10.12") found components: Interpreter \n'}
[0.399556] (-) TimerEvent: {}
[0.500026] (-) TimerEvent: {}
[0.506561] (robot_core) StdoutLine: {'line': b'-- Found ament_lint_auto: 0.12.14 (/opt/ros/humble/share/ament_lint_auto/cmake)\n'}
[0.515879] (robot_description) StderrLine: {'line': b'\x1b[31mCMake Error at CMakeLists.txt:10 (find_package):\n'}
[0.516172] (robot_description) StderrLine: {'line': b'  By not providing "Findjoint_state_publisher.cmake" in CMAKE_MODULE_PATH\n'}
[0.516315] (robot_description) StderrLine: {'line': b'  this project has asked CMake to find a package configuration file provided\n'}
[0.516522] (robot_description) StderrLine: {'line': b'  by "joint_state_publisher", but CMake did not find one.\n'}
[0.517190] (robot_description) StderrLine: {'line': b'\n'}
[0.517865] (robot_description) StderrLine: {'line': b'  Could not find a package configuration file provided by\n'}
[0.518633] (robot_description) StderrLine: {'line': b'  "joint_state_publisher" with any of the following names:\n'}
[0.519352] (robot_description) StderrLine: {'line': b'\n'}
[0.520013] (robot_description) StderrLine: {'line': b'    joint_state_publisherConfig.cmake\n'}
[0.520363] (robot_description) StderrLine: {'line': b'    joint_state_publisher-config.cmake\n'}
[0.520668] (robot_description) StderrLine: {'line': b'\n'}
[0.520989] (robot_description) StderrLine: {'line': b'  Add the installation prefix of "joint_state_publisher" to CMAKE_PREFIX_PATH\n'}
[0.521287] (robot_description) StderrLine: {'line': b'  or set "joint_state_publisher_DIR" to a directory containing one of the\n'}
[0.521577] (robot_description) StderrLine: {'line': b'  above files.  If "joint_state_publisher" provides a separate development\n'}
[0.521867] (robot_description) StderrLine: {'line': b'  package or SDK, be sure it has been installed.\n'}
[0.522255] (robot_description) StderrLine: {'line': b'\n'}
[0.522553] (robot_description) StderrLine: {'line': b'\x1b[0m\n'}
[0.522842] (robot_description) StdoutLine: {'line': b'-- Configuring incomplete, errors occurred!\n'}
[0.523188] (robot_description) StdoutLine: {'line': b'See also "/ros2_ws/build/robot_description/CMakeFiles/CMakeOutput.log".\n'}
[0.530858] (robot_description) CommandEnded: {'returncode': 1}
[0.570318] (robot_description) JobEnded: {'identifier': 'robot_description', 'rc': 1}
[0.600108] (-) TimerEvent: {}
[0.654792] (robot_core) StdoutLine: {'line': b"-- Added test 'lint_cmake' to check CMake code style\n"}
[0.657667] (robot_core) StdoutLine: {'line': b"-- Added test 'xmllint' to check XML markup files\n"}
[0.660959] (robot_core) StdoutLine: {'line': b'-- Configuring done\n'}
[0.666979] (robot_core) StdoutLine: {'line': b'-- Generating done\n'}
[0.670102] (robot_core) StdoutLine: {'line': b'-- Build files have been written to: /ros2_ws/build/robot_core\n'}
[0.674135] (robot_core) JobEnded: {'identifier': 'robot_core', 'rc': 'SIGINT'}
[0.684891] (-) EventReactorShutdown: {}
