[0.000000] (-) TimerEvent: {}
[0.000560] (robot_core) JobQueued: {'identifier': 'robot_core', 'dependencies': OrderedDict()}
[0.000633] (robot_description) JobQueued: {'identifier': 'robot_description', 'dependencies': OrderedDict()}
[0.001221] (robot_core) JobStarted: {'identifier': 'robot_core'}
[0.012898] (robot_description) JobStarted: {'identifier': 'robot_description'}
[0.016249] (robot_core) JobProgress: {'identifier': 'robot_core', 'progress': 'cmake'}
[0.016865] (robot_core) Command: {'cmd': ['/usr/bin/cmake', '/ros2_ws/src/robot_core', '-DCMAKE_INSTALL_PREFIX=/ros2_ws/install/robot_core'], 'cwd': '/ros2_ws/build/robot_core', 'env': OrderedDict([('SHLVL', '0'), ('HOME', '/root'), ('OLDPWD', '/ros2_ws'), ('container', 'podman'), ('ROS_DISTRO', 'humble'), ('_', '/usr/bin/colcon'), ('TERM', 'xterm'), ('PATH', '/usr/local/sbin:/usr/local/bin:/usr/sbin:/usr/bin:/sbin:/bin'), ('DISPLAY', ':1'), ('LANG', 'C.UTF-8'), ('ROS_WS', '/ros2_ws'), ('PWD', '/ros2_ws/build/robot_core'), ('LC_ALL', 'C.UTF-8'), ('COLCON', '1')]), 'shell': False}
[0.028410] (robot_description) JobProgress: {'identifier': 'robot_description', 'progress': 'cmake'}
[0.033547] (robot_description) Command: {'cmd': ['/usr/bin/cmake', '/ros2_ws/src/robot_description', '-DCMAKE_INSTALL_PREFIX=/ros2_ws/install/robot_description'], 'cwd': '/ros2_ws/build/robot_description', 'env': OrderedDict([('SHLVL', '0'), ('HOME', '/root'), ('OLDPWD', '/ros2_ws'), ('container', 'podman'), ('ROS_DISTRO', 'humble'), ('_', '/usr/bin/colcon'), ('TERM', 'xterm'), ('PATH', '/usr/local/sbin:/usr/local/bin:/usr/sbin:/usr/bin:/sbin:/bin'), ('DISPLAY', ':1'), ('LANG', 'C.UTF-8'), ('ROS_WS', '/ros2_ws'), ('PWD', '/ros2_ws/build/robot_description'), ('LC_ALL', 'C.UTF-8'), ('COLCON', '1')]), 'shell': False}
[0.100037] (-) TimerEvent: {}
[0.200868] (-) TimerEvent: {}
[0.301424] (-) TimerEvent: {}
[0.402173] (-) TimerEvent: {}
[0.502918] (-) TimerEvent: {}
[0.526700] (robot_core) StdoutLine: {'line': b'-- The C compiler identification is GNU 11.4.0\n'}
[0.527510] (robot_description) StdoutLine: {'line': b'-- The C compiler identification is GNU 11.4.0\n'}
[0.603122] (-) TimerEvent: {}
[0.704607] (-) TimerEvent: {}
[0.754598] (robot_core) StdoutLine: {'line': b'-- The CXX compiler identification is GNU 11.4.0\n'}
[0.757991] (robot_description) StdoutLine: {'line': b'-- The CXX compiler identification is GNU 11.4.0\n'}
[0.771457] (robot_core) StdoutLine: {'line': b'-- Detecting C compiler ABI info\n'}
[0.771848] (robot_description) StdoutLine: {'line': b'-- Detecting C compiler ABI info\n'}
[0.804712] (-) TimerEvent: {}
[0.890682] (robot_core) StdoutLine: {'line': b'-- Detecting C compiler ABI info - done\n'}
[0.891103] (robot_description) StdoutLine: {'line': b'-- Detecting C compiler ABI info - done\n'}
[0.904873] (-) TimerEvent: {}
[0.905270] (robot_core) StdoutLine: {'line': b'-- Check for working C compiler: /usr/bin/cc - skipped\n'}
[0.905981] (robot_core) StdoutLine: {'line': b'-- Detecting C compile features\n'}
[0.906352] (robot_description) StdoutLine: {'line': b'-- Check for working C compiler: /usr/bin/cc - skipped\n'}
[0.906685] (robot_description) StdoutLine: {'line': b'-- Detecting C compile features\n'}
[0.907197] (robot_core) StdoutLine: {'line': b'-- Detecting C compile features - done\n'}
[0.908348] (robot_description) StdoutLine: {'line': b'-- Detecting C compile features - done\n'}
[0.922168] (robot_description) StdoutLine: {'line': b'-- Detecting CXX compiler ABI info\n'}
[0.922774] (robot_core) StdoutLine: {'line': b'-- Detecting CXX compiler ABI info\n'}
[1.005071] (-) TimerEvent: {}
[1.105772] (-) TimerEvent: {}
[1.148337] (robot_core) StdoutLine: {'line': b'-- Detecting CXX compiler ABI info - done\n'}
[1.149204] (robot_description) StdoutLine: {'line': b'-- Detecting CXX compiler ABI info - done\n'}
[1.190735] (robot_core) StdoutLine: {'line': b'-- Check for working CXX compiler: /usr/bin/c++ - skipped\n'}
[1.191930] (robot_core) StdoutLine: {'line': b'-- Detecting CXX compile features\n'}
[1.193974] (robot_core) StdoutLine: {'line': b'-- Detecting CXX compile features - done\n'}
[1.199780] (robot_description) StdoutLine: {'line': b'-- Check for working CXX compiler: /usr/bin/c++ - skipped\n'}
[1.201025] (robot_description) StdoutLine: {'line': b'-- Detecting CXX compile features\n'}
[1.203020] (robot_description) StdoutLine: {'line': b'-- Detecting CXX compile features - done\n'}
[1.205962] (-) TimerEvent: {}
[1.212857] (robot_core) StderrLine: {'line': b'\x1b[31mCMake Error at CMakeLists.txt:9 (find_package):\n'}
[1.213379] (robot_core) StderrLine: {'line': b'  By not providing "Findament_cmake.cmake" in CMAKE_MODULE_PATH this project\n'}
[1.213872] (robot_core) StderrLine: {'line': b'  has asked CMake to find a package configuration file provided by\n'}
[1.214157] (robot_core) StderrLine: {'line': b'  "ament_cmake", but CMake did not find one.\n'}
[1.214437] (robot_core) StderrLine: {'line': b'\n'}
[1.214759] (robot_core) StderrLine: {'line': b'  Could not find a package configuration file provided by "ament_cmake" with\n'}
[1.215006] (robot_core) StderrLine: {'line': b'  any of the following names:\n'}
[1.215246] (robot_core) StderrLine: {'line': b'\n'}
[1.215520] (robot_core) StderrLine: {'line': b'    ament_cmakeConfig.cmake\n'}
[1.215765] (robot_core) StderrLine: {'line': b'    ament_cmake-config.cmake\n'}
[1.215990] (robot_core) StderrLine: {'line': b'\n'}
[1.216213] (robot_core) StderrLine: {'line': b'  Add the installation prefix of "ament_cmake" to CMAKE_PREFIX_PATH or set\n'}
[1.216440] (robot_core) StderrLine: {'line': b'  "ament_cmake_DIR" to a directory containing one of the above files.  If\n'}
[1.216830] (robot_core) StderrLine: {'line': b'  "ament_cmake" provides a separate development package or SDK, be sure it\n'}
[1.217065] (robot_core) StderrLine: {'line': b'  has been installed.\n'}
[1.217290] (robot_core) StderrLine: {'line': b'\n'}
[1.217569] (robot_core) StderrLine: {'line': b'\x1b[0m\n'}
[1.217975] (robot_core) StdoutLine: {'line': b'-- Configuring incomplete, errors occurred!\n'}
[1.218228] (robot_core) StdoutLine: {'line': b'See also "/ros2_ws/build/robot_core/CMakeFiles/CMakeOutput.log".\n'}
[1.221893] (robot_description) StderrLine: {'line': b'\x1b[31mCMake Error at CMakeLists.txt:9 (find_package):\n'}
[1.224839] (robot_description) StderrLine: {'line': b'  By not providing "Findament_cmake.cmake" in CMAKE_MODULE_PATH this project\n'}
[1.225313] (robot_description) StderrLine: {'line': b'  has asked CMake to find a package configuration file provided by\n'}
[1.225956] (robot_description) StderrLine: {'line': b'  "ament_cmake", but CMake did not find one.\n'}
[1.226752] (robot_description) StderrLine: {'line': b'\n'}
[1.227933] (robot_description) StderrLine: {'line': b'  Could not find a package configuration file provided by "ament_cmake" with\n'}
[1.228321] (robot_description) StderrLine: {'line': b'  any of the following names:\n'}
[1.228662] (robot_description) StderrLine: {'line': b'\n'}
[1.229622] (robot_description) StderrLine: {'line': b'    ament_cmakeConfig.cmake\n'}
[1.229988] (robot_description) StderrLine: {'line': b'    ament_cmake-config.cmake\n'}
[1.232105] (robot_description) StderrLine: {'line': b'\n'}
[1.233553] (robot_description) StderrLine: {'line': b'  Add the installation prefix of "ament_cmake" to CMAKE_PREFIX_PATH or set\n'}
[1.235539] (robot_description) StderrLine: {'line': b'  "ament_cmake_DIR" to a directory containing one of the above files.  If\n'}
[1.237265] (robot_description) StderrLine: {'line': b'  "ament_cmake" provides a separate development package or SDK, be sure it\n'}
[1.238769] (robot_description) StderrLine: {'line': b'  has been installed.\n'}
[1.240269] (robot_description) StderrLine: {'line': b'\n'}
[1.242140] (robot_description) StderrLine: {'line': b'\x1b[0m\n'}
[1.243155] (robot_description) StdoutLine: {'line': b'-- Configuring incomplete, errors occurred!\n'}
[1.243887] (robot_description) StdoutLine: {'line': b'See also "/ros2_ws/build/robot_description/CMakeFiles/CMakeOutput.log".\n'}
[1.244611] (robot_core) CommandEnded: {'returncode': 1}
[1.245808] (robot_description) CommandEnded: {'returncode': 1}
[1.281308] (robot_core) JobEnded: {'identifier': 'robot_core', 'rc': 1}
[1.282563] (robot_description) JobEnded: {'identifier': 'robot_description', 'rc': 'SIGINT'}
[1.293119] (-) EventReactorShutdown: {}
