[0.017s] Invoking command in '/ros2_ws/build/robot_core': CMAKE_PREFIX_PATH=/opt/ros/humble /usr/bin/cmake --build /ros2_ws/build/robot_core -- -j12 -l12
[0.097s] Invoked command in '/ros2_ws/build/robot_core' returned '0': CMAKE_PREFIX_PATH=/opt/ros/humble /usr/bin/cmake --build /ros2_ws/build/robot_core -- -j12 -l12
[0.116s] Invoking command in '/ros2_ws/build/robot_core': CMAKE_PREFIX_PATH=/opt/ros/humble /usr/bin/cmake --install /ros2_ws/build/robot_core
[0.136s] -- Install configuration: ""
[0.139s] -- Up-to-date: /ros2_ws/install/robot_core/share/ament_index/resource_index/package_run_dependencies/robot_core
[0.142s] -- Up-to-date: /ros2_ws/install/robot_core/share/ament_index/resource_index/parent_prefix_path/robot_core
[0.142s] -- Up-to-date: /ros2_ws/install/robot_core/share/robot_core/environment/ament_prefix_path.sh
[0.142s] -- Up-to-date: /ros2_ws/install/robot_core/share/robot_core/environment/ament_prefix_path.dsv
[0.142s] -- Up-to-date: /ros2_ws/install/robot_core/share/robot_core/environment/path.sh
[0.143s] -- Up-to-date: /ros2_ws/install/robot_core/share/robot_core/environment/path.dsv
[0.148s] -- Up-to-date: /ros2_ws/install/robot_core/share/robot_core/local_setup.bash
[0.148s] -- Up-to-date: /ros2_ws/install/robot_core/share/robot_core/local_setup.sh
[0.149s] -- Up-to-date: /ros2_ws/install/robot_core/share/robot_core/local_setup.zsh
[0.150s] -- Up-to-date: /ros2_ws/install/robot_core/share/robot_core/local_setup.dsv
[0.150s] -- Installing: /ros2_ws/install/robot_core/share/robot_core/package.dsv
[0.150s] -- Up-to-date: /ros2_ws/install/robot_core/share/ament_index/resource_index/packages/robot_core
[0.151s] -- Up-to-date: /ros2_ws/install/robot_core/share/robot_core/cmake/robot_coreConfig.cmake
[0.151s] -- Up-to-date: /ros2_ws/install/robot_core/share/robot_core/cmake/robot_coreConfig-version.cmake
[0.151s] -- Up-to-date: /ros2_ws/install/robot_core/share/robot_core/package.xml
[0.159s] Invoked command in '/ros2_ws/build/robot_core' returned '0': CMAKE_PREFIX_PATH=/opt/ros/humble /usr/bin/cmake --install /ros2_ws/build/robot_core
