[0.037s] Invoking command in '/ros2_ws/build/robot_description': CMAKE_PREFIX_PATH=/opt/ros/humble /usr/bin/cmake --build /ros2_ws/build/robot_description -- -j12 -l12
[0.115s] -- Found ament_cmake: 1.3.12 (/opt/ros/humble/share/ament_cmake/cmake)
[0.462s] -- Found xacro: 2.1.1 (/opt/ros/humble/share/xacro/cmake)
[0.463s] -- Found ament_lint_auto: 0.12.14 (/opt/ros/humble/share/ament_lint_auto/cmake)
[0.660s] -- Added test 'flake8' to check Python code syntax and style conventions
[0.661s] -- Added test 'lint_cmake' to check CMake code style
[0.662s] -- Added test 'pep257' to check Python code against some of the docstring style conventions in PEP 257
[0.665s] -- Added test 'xmllint' to check XML markup files
[0.667s] -- Configuring done
[0.675s] -- Generating done
[0.682s] -- Build files have been written to: /ros2_ws/build/robot_description
[0.750s] Invoked command in '/ros2_ws/build/robot_description' returned '0': CMAKE_PREFIX_PATH=/opt/ros/humble /usr/bin/cmake --build /ros2_ws/build/robot_description -- -j12 -l12
[0.755s] Invoking command in '/ros2_ws/build/robot_description': CMAKE_PREFIX_PATH=/opt/ros/humble /usr/bin/cmake --install /ros2_ws/build/robot_description
[0.773s] -- Install configuration: ""
[0.773s] -- Up-to-date: /ros2_ws/install/robot_description/share/robot_description/urdf
[0.773s] -- Up-to-date: /ros2_ws/install/robot_description/share/robot_description/urdf/mock_arm.urdf.xacro
[0.774s] -- Up-to-date: /ros2_ws/install/robot_description/share/robot_description/launch
[0.774s] -- Installing: /ros2_ws/install/robot_description/share/robot_description/launch/display.launch.py
[0.774s] -- Installing: /ros2_ws/install/robot_description/share/robot_description/rviz
[0.775s] -- Installing: /ros2_ws/install/robot_description/share/robot_description/rviz/display.rviz
[0.776s] -- Up-to-date: /ros2_ws/install/robot_description/share/ament_index/resource_index/package_run_dependencies/robot_description
[0.776s] -- Up-to-date: /ros2_ws/install/robot_description/share/ament_index/resource_index/parent_prefix_path/robot_description
[0.777s] -- Up-to-date: /ros2_ws/install/robot_description/share/robot_description/environment/ament_prefix_path.sh
[0.777s] -- Installing: /ros2_ws/install/robot_description/share/robot_description/environment/ament_prefix_path.dsv
[0.777s] -- Up-to-date: /ros2_ws/install/robot_description/share/robot_description/environment/path.sh
[0.778s] -- Installing: /ros2_ws/install/robot_description/share/robot_description/environment/path.dsv
[0.778s] -- Up-to-date: /ros2_ws/install/robot_description/share/robot_description/local_setup.bash
[0.779s] -- Up-to-date: /ros2_ws/install/robot_description/share/robot_description/local_setup.sh
[0.779s] -- Up-to-date: /ros2_ws/install/robot_description/share/robot_description/local_setup.zsh
[0.779s] -- Installing: /ros2_ws/install/robot_description/share/robot_description/local_setup.dsv
[0.780s] -- Installing: /ros2_ws/install/robot_description/share/robot_description/package.dsv
[0.780s] -- Up-to-date: /ros2_ws/install/robot_description/share/ament_index/resource_index/packages/robot_description
[0.781s] -- Up-to-date: /ros2_ws/install/robot_description/share/robot_description/cmake/robot_descriptionConfig.cmake
[0.786s] -- Up-to-date: /ros2_ws/install/robot_description/share/robot_description/cmake/robot_descriptionConfig-version.cmake
[0.787s] -- Up-to-date: /ros2_ws/install/robot_description/share/robot_description/package.xml
[0.788s] Invoked command in '/ros2_ws/build/robot_description' returned '0': CMAKE_PREFIX_PATH=/opt/ros/humble /usr/bin/cmake --install /ros2_ws/build/robot_description
