[0.016s] Invoking command in '/ros2_ws/build/robot_description': CMAKE_PREFIX_PATH=/opt/ros/humble /usr/bin/cmake /ros2_ws/src/robot_description -DCMAKE_INSTALL_PREFIX=/ros2_ws/install/robot_description
[0.032s] -- Found ament_cmake: 1.3.12 (/opt/ros/humble/share/ament_cmake/cmake)
[0.247s] -- Found xacro: 2.1.1 (/opt/ros/humble/share/xacro/cmake)
[0.257s] -- Found ament_lint_auto: 0.12.14 (/opt/ros/humble/share/ament_lint_auto/cmake)
[0.392s] -- Added test 'flake8' to check Python code syntax and style conventions
[0.394s] -- Added test 'lint_cmake' to check CMake code style
[0.395s] -- Added test 'pep257' to check Python code against some of the docstring style conventions in PEP 257
[0.397s] -- Added test 'xmllint' to check XML markup files
[0.400s] -- Configuring done
[0.407s] -- Generating done
[0.411s] -- Build files have been written to: /ros2_ws/build/robot_description
[0.417s] Invoked command in '/ros2_ws/build/robot_description' returned '0': CMAKE_PREFIX_PATH=/opt/ros/humble /usr/bin/cmake /ros2_ws/src/robot_description -DCMAKE_INSTALL_PREFIX=/ros2_ws/install/robot_description
[0.418s] Invoking command in '/ros2_ws/build/robot_description': CMAKE_PREFIX_PATH=/opt/ros/humble /usr/bin/cmake --build /ros2_ws/build/robot_description -- -j12 -l12
[0.476s] Invoked command in '/ros2_ws/build/robot_description' returned '0': CMAKE_PREFIX_PATH=/opt/ros/humble /usr/bin/cmake --build /ros2_ws/build/robot_description -- -j12 -l12
[0.479s] Invoking command in '/ros2_ws/build/robot_description': CMAKE_PREFIX_PATH=/opt/ros/humble /usr/bin/cmake --install /ros2_ws/build/robot_description
[0.499s] -- Install configuration: ""
[0.500s] -- Installing: /ros2_ws/install/robot_description/share/robot_description/urdf
[0.501s] -- Installing: /ros2_ws/install/robot_description/share/robot_description/urdf/mock_arm.urdf.xacro
[0.501s] -- Installing: /ros2_ws/install/robot_description/share/robot_description/launch
[0.502s] -- Installing: /ros2_ws/install/robot_description/share/robot_description/launch/display.launch.py
[0.503s] -- Installing: /ros2_ws/install/robot_description/share/ament_index/resource_index/package_run_dependencies/robot_description
[0.503s] -- Installing: /ros2_ws/install/robot_description/share/ament_index/resource_index/parent_prefix_path/robot_description
[0.504s] -- Installing: /ros2_ws/install/robot_description/share/robot_description/environment/ament_prefix_path.sh
[0.504s] -- Installing: /ros2_ws/install/robot_description/share/robot_description/environment/ament_prefix_path.dsv
[0.505s] -- Installing: /ros2_ws/install/robot_description/share/robot_description/environment/path.sh
[0.505s] -- Installing: /ros2_ws/install/robot_description/share/robot_description/environment/path.dsv
[0.506s] -- Installing: /ros2_ws/install/robot_description/share/robot_description/local_setup.bash
[0.506s] -- Installing: /ros2_ws/install/robot_description/share/robot_description/local_setup.sh
[0.507s] -- Installing: /ros2_ws/install/robot_description/share/robot_description/local_setup.zsh
[0.507s] -- Installing: /ros2_ws/install/robot_description/share/robot_description/local_setup.dsv
[0.508s] -- Installing: /ros2_ws/install/robot_description/share/robot_description/package.dsv
[0.508s] -- Installing: /ros2_ws/install/robot_description/share/ament_index/resource_index/packages/robot_description
[0.509s] -- Installing: /ros2_ws/install/robot_description/share/robot_description/cmake/robot_descriptionConfig.cmake
[0.509s] -- Installing: /ros2_ws/install/robot_description/share/robot_description/cmake/robot_descriptionConfig-version.cmake
[0.509s] -- Installing: /ros2_ws/install/robot_description/share/robot_description/package.xml
[0.514s] Invoked command in '/ros2_ws/build/robot_description' returned '0': CMAKE_PREFIX_PATH=/opt/ros/humble /usr/bin/cmake --install /ros2_ws/build/robot_description
